Analysis & Synthesis report for pratica4_2
Fri Jun 29 22:30:16 2018
Quartus II 64-Bit Version 13.0.1 Build 232 06/12/2013 Service Pack 1 SJ Web Edition


---------------------
; Table of Contents ;
---------------------
  1. Legal Notice
  2. Analysis & Synthesis Summary
  3. Analysis & Synthesis Settings
  4. Parallel Compilation
  5. Analysis & Synthesis Source Files Read
  6. Analysis & Synthesis Resource Usage Summary
  7. Analysis & Synthesis Resource Utilization by Entity
  8. Registers Removed During Synthesis
  9. Removed Registers Triggering Further Register Optimizations
 10. General Register Statistics
 11. Multiplexer Restructuring Statistics (Restructuring Performed)
 12. Parameter Settings for User Entity Instance: projeto:Projetar
 13. Port Connectivity Checks: "projeto:Projetar"
 14. Elapsed Time Per Partition
 15. Analysis & Synthesis Messages



----------------
; Legal Notice ;
----------------
Copyright (C) 1991-2013 Altera Corporation
Your use of Altera Corporation's design tools, logic functions 
and other software and tools, and its AMPP partner logic 
functions, and any output files from any of the foregoing 
(including device programming or simulation files), and any 
associated documentation or information are expressly subject 
to the terms and conditions of the Altera Program License 
Subscription Agreement, Altera MegaCore Function License 
Agreement, or other applicable license agreement, including, 
without limitation, that your use is for the sole purpose of 
programming logic devices manufactured by Altera and sold by 
Altera or its authorized distributors.  Please refer to the 
applicable agreement for further details.



+--------------------------------------------------------------------------------------+
; Analysis & Synthesis Summary                                                         ;
+------------------------------------+-------------------------------------------------+
; Analysis & Synthesis Status        ; Successful - Fri Jun 29 22:30:16 2018           ;
; Quartus II 64-Bit Version          ; 13.0.1 Build 232 06/12/2013 SP 1 SJ Web Edition ;
; Revision Name                      ; pratica4_2                                      ;
; Top-level Entity Name              ; pratica4_2                                      ;
; Family                             ; Cyclone II                                      ;
; Total logic elements               ; 75                                              ;
;     Total combinational functions  ; 72                                              ;
;     Dedicated logic registers      ; 17                                              ;
; Total registers                    ; 17                                              ;
; Total pins                         ; 57                                              ;
; Total virtual pins                 ; 0                                               ;
; Total memory bits                  ; 0                                               ;
; Embedded Multiplier 9-bit elements ; 0                                               ;
; Total PLLs                         ; 0                                               ;
+------------------------------------+-------------------------------------------------+


+----------------------------------------------------------------------------------------------------------------------+
; Analysis & Synthesis Settings                                                                                        ;
+----------------------------------------------------------------------------+--------------------+--------------------+
; Option                                                                     ; Setting            ; Default Value      ;
+----------------------------------------------------------------------------+--------------------+--------------------+
; Device                                                                     ; EP2C35F672C6       ;                    ;
; Top-level entity name                                                      ; pratica4_2         ; pratica4_2         ;
; Family name                                                                ; Cyclone II         ; Cyclone IV GX      ;
; Use smart compilation                                                      ; Off                ; Off                ;
; Enable parallel Assembler and TimeQuest Timing Analyzer during compilation ; On                 ; On                 ;
; Enable compact report table                                                ; Off                ; Off                ;
; Restructure Multiplexers                                                   ; Auto               ; Auto               ;
; Create Debugging Nodes for IP Cores                                        ; Off                ; Off                ;
; Preserve fewer node names                                                  ; On                 ; On                 ;
; Disable OpenCore Plus hardware evaluation                                  ; Off                ; Off                ;
; Verilog Version                                                            ; Verilog_2001       ; Verilog_2001       ;
; VHDL Version                                                               ; VHDL_1993          ; VHDL_1993          ;
; State Machine Processing                                                   ; Auto               ; Auto               ;
; Safe State Machine                                                         ; Off                ; Off                ;
; Extract Verilog State Machines                                             ; On                 ; On                 ;
; Extract VHDL State Machines                                                ; On                 ; On                 ;
; Ignore Verilog initial constructs                                          ; Off                ; Off                ;
; Iteration limit for constant Verilog loops                                 ; 5000               ; 5000               ;
; Iteration limit for non-constant Verilog loops                             ; 250                ; 250                ;
; Add Pass-Through Logic to Inferred RAMs                                    ; On                 ; On                 ;
; Infer RAMs from Raw Logic                                                  ; On                 ; On                 ;
; Parallel Synthesis                                                         ; On                 ; On                 ;
; DSP Block Balancing                                                        ; Auto               ; Auto               ;
; NOT Gate Push-Back                                                         ; On                 ; On                 ;
; Power-Up Don't Care                                                        ; On                 ; On                 ;
; Remove Redundant Logic Cells                                               ; Off                ; Off                ;
; Remove Duplicate Registers                                                 ; On                 ; On                 ;
; Ignore CARRY Buffers                                                       ; Off                ; Off                ;
; Ignore CASCADE Buffers                                                     ; Off                ; Off                ;
; Ignore GLOBAL Buffers                                                      ; Off                ; Off                ;
; Ignore ROW GLOBAL Buffers                                                  ; Off                ; Off                ;
; Ignore LCELL Buffers                                                       ; Off                ; Off                ;
; Ignore SOFT Buffers                                                        ; On                 ; On                 ;
; Limit AHDL Integers to 32 Bits                                             ; Off                ; Off                ;
; Optimization Technique                                                     ; Balanced           ; Balanced           ;
; Carry Chain Length                                                         ; 70                 ; 70                 ;
; Auto Carry Chains                                                          ; On                 ; On                 ;
; Auto Open-Drain Pins                                                       ; On                 ; On                 ;
; Perform WYSIWYG Primitive Resynthesis                                      ; Off                ; Off                ;
; Auto ROM Replacement                                                       ; On                 ; On                 ;
; Auto RAM Replacement                                                       ; On                 ; On                 ;
; Auto Shift Register Replacement                                            ; Auto               ; Auto               ;
; Allow Shift Register Merging across Hierarchies                            ; Auto               ; Auto               ;
; Auto Clock Enable Replacement                                              ; On                 ; On                 ;
; Strict RAM Replacement                                                     ; Off                ; Off                ;
; Allow Synchronous Control Signals                                          ; On                 ; On                 ;
; Force Use of Synchronous Clear Signals                                     ; Off                ; Off                ;
; Auto RAM to Logic Cell Conversion                                          ; Off                ; Off                ;
; Auto Resource Sharing                                                      ; Off                ; Off                ;
; Allow Any RAM Size For Recognition                                         ; Off                ; Off                ;
; Allow Any ROM Size For Recognition                                         ; Off                ; Off                ;
; Allow Any Shift Register Size For Recognition                              ; Off                ; Off                ;
; Use LogicLock Constraints during Resource Balancing                        ; On                 ; On                 ;
; Ignore translate_off and synthesis_off directives                          ; Off                ; Off                ;
; Timing-Driven Synthesis                                                    ; Off                ; Off                ;
; Report Parameter Settings                                                  ; On                 ; On                 ;
; Report Source Assignments                                                  ; On                 ; On                 ;
; Report Connectivity Checks                                                 ; On                 ; On                 ;
; Ignore Maximum Fan-Out Assignments                                         ; Off                ; Off                ;
; Synchronization Register Chain Length                                      ; 2                  ; 2                  ;
; PowerPlay Power Optimization                                               ; Normal compilation ; Normal compilation ;
; HDL message level                                                          ; Level2             ; Level2             ;
; Suppress Register Optimization Related Messages                            ; Off                ; Off                ;
; Number of Removed Registers Reported in Synthesis Report                   ; 5000               ; 5000               ;
; Number of Swept Nodes Reported in Synthesis Report                         ; 5000               ; 5000               ;
; Number of Inverted Registers Reported in Synthesis Report                  ; 100                ; 100                ;
; Clock MUX Protection                                                       ; On                 ; On                 ;
; Auto Gated Clock Conversion                                                ; Off                ; Off                ;
; Block Design Naming                                                        ; Auto               ; Auto               ;
; SDC constraint protection                                                  ; Off                ; Off                ;
; Synthesis Effort                                                           ; Auto               ; Auto               ;
; Shift Register Replacement - Allow Asynchronous Clear Signal               ; On                 ; On                 ;
; Pre-Mapping Resynthesis Optimization                                       ; Off                ; Off                ;
; Analysis & Synthesis Message Level                                         ; Medium             ; Medium             ;
; Disable Register Merging Across Hierarchies                                ; Auto               ; Auto               ;
; Resource Aware Inference For Block RAM                                     ; On                 ; On                 ;
; Synthesis Seed                                                             ; 1                  ; 1                  ;
+----------------------------------------------------------------------------+--------------------+--------------------+


Parallel compilation was disabled, but you have multiple processors available. Enable parallel compilation to reduce compilation time.
+-------------------------------------+
; Parallel Compilation                ;
+----------------------------+--------+
; Processors                 ; Number ;
+----------------------------+--------+
; Number detected on machine ; 4      ;
; Maximum allowed            ; 1      ;
+----------------------------+--------+


+-----------------------------------------------------------------------------------------------------------------------------------------------------------+
; Analysis & Synthesis Source Files Read                                                                                                                    ;
+----------------------------------+-----------------+------------------------+-------------------------------------------------------------------+---------+
; File Name with User-Entered Path ; Used in Netlist ; File Type              ; File Name with Absolute Path                                      ; Library ;
+----------------------------------+-----------------+------------------------+-------------------------------------------------------------------+---------+
; pratica4_2.v                     ; yes             ; User Verilog HDL File  ; C:/Users/Positivo/Desktop/faculdade/LAOC2/pratica4_2/pratica4_2.v ;         ;
+----------------------------------+-----------------+------------------------+-------------------------------------------------------------------+---------+


+-----------------------------------------------------+
; Analysis & Synthesis Resource Usage Summary         ;
+---------------------------------------------+-------+
; Resource                                    ; Usage ;
+---------------------------------------------+-------+
; Estimated Total logic elements              ; 75    ;
;                                             ;       ;
; Total combinational functions               ; 72    ;
; Logic element usage by number of LUT inputs ;       ;
;     -- 4 input functions                    ; 44    ;
;     -- 3 input functions                    ; 22    ;
;     -- <=2 input functions                  ; 6     ;
;                                             ;       ;
; Logic elements by mode                      ;       ;
;     -- normal mode                          ; 72    ;
;     -- arithmetic mode                      ; 0     ;
;                                             ;       ;
; Total registers                             ; 17    ;
;     -- Dedicated logic registers            ; 17    ;
;     -- I/O registers                        ; 0     ;
;                                             ;       ;
; I/O pins                                    ; 57    ;
; Embedded Multiplier 9-bit elements          ; 0     ;
; Maximum fan-out node                        ; SW[8] ;
; Maximum fan-out                             ; 20    ;
; Total fan-out                               ; 334   ;
; Average fan-out                             ; 2.29  ;
+---------------------------------------------+-------+


+-------------------------------------------------------------------------------------------------------------------------------------------------------------------------------------------------+
; Analysis & Synthesis Resource Utilization by Entity                                                                                                                                             ;
+-------------------------------+-------------------+--------------+-------------+--------------+---------+-----------+------+--------------+--------------------------------------+--------------+
; Compilation Hierarchy Node    ; LC Combinationals ; LC Registers ; Memory Bits ; DSP Elements ; DSP 9x9 ; DSP 18x18 ; Pins ; Virtual Pins ; Full Hierarchy Name                  ; Library Name ;
+-------------------------------+-------------------+--------------+-------------+--------------+---------+-----------+------+--------------+--------------------------------------+--------------+
; |pratica4_2                   ; 72 (0)            ; 17 (0)       ; 0           ; 0            ; 0       ; 0         ; 57   ; 0            ; |pratica4_2                          ; work         ;
;    |display7Segmentos:Exibe1| ; 7 (7)             ; 0 (0)        ; 0           ; 0            ; 0       ; 0         ; 0    ; 0            ; |pratica4_2|display7Segmentos:Exibe1 ; work         ;
;    |display7Segmentos:Exibe2| ; 7 (7)             ; 0 (0)        ; 0           ; 0            ; 0       ; 0         ; 0    ; 0            ; |pratica4_2|display7Segmentos:Exibe2 ; work         ;
;    |projeto:Projetar|         ; 58 (58)           ; 17 (17)      ; 0           ; 0            ; 0       ; 0         ; 0    ; 0            ; |pratica4_2|projeto:Projetar         ; work         ;
+-------------------------------+-------------------+--------------+-------------+--------------+---------+-----------+------+--------------+--------------------------------------+--------------+
Note: For table entries with two numbers listed, the numbers in parentheses indicate the number of resources of the given type used by the specific entity alone. The numbers listed outside of parentheses indicate the total resources of the given type used by the specific entity and all of its sub-entities in the hierarchy.


+-----------------------------------------------------------------------------------+
; Registers Removed During Synthesis                                                ;
+----------------------------------------+------------------------------------------+
; Register name                          ; Reason for Removal                       ;
+----------------------------------------+------------------------------------------+
; projeto:Projetar|cacheP3[0..2]         ; Lost fanout                              ;
; projeto:Projetar|cacheP1[1,2]          ; Stuck at GND due to stuck port data_in   ;
; projeto:Projetar|cacheP2[4]            ; Merged with projeto:Projetar|cacheP3[6]  ;
; projeto:Projetar|cacheP3[5]            ; Merged with projeto:Projetar|cacheP3[6]  ;
; projeto:Projetar|memoria[3]            ; Merged with projeto:Projetar|cacheP3[6]  ;
; projeto:Projetar|cacheP3[4]            ; Merged with projeto:Projetar|cacheP3[6]  ;
; projeto:Projetar|memoria[1]            ; Merged with projeto:Projetar|cacheP3[6]  ;
; projeto:Projetar|cacheP2[5,6]          ; Merged with projeto:Projetar|cacheP3[6]  ;
; projeto:Projetar|memoria[2]            ; Merged with projeto:Projetar|memoria[0]  ;
; projeto:Projetar|stateOri[1,2]         ; Merged with projeto:Projetar|stateOri[0] ;
; projeto:Projetar|cacheP3[6]            ; Stuck at GND due to stuck port data_in   ;
; projeto:Projetar|memoria[0]            ; Stuck at VCC due to stuck port data_in   ;
; projeto:Projetar|stateOri[0]           ; Stuck at GND due to stuck port data_in   ;
; Total Number of Removed Registers = 18 ;                                          ;
+----------------------------------------+------------------------------------------+


+--------------------------------------------------------------------------------------------------+
; Removed Registers Triggering Further Register Optimizations                                      ;
+-----------------------------+---------------------------+----------------------------------------+
; Register name               ; Reason for Removal        ; Registers Removed due to This Register ;
+-----------------------------+---------------------------+----------------------------------------+
; projeto:Projetar|cacheP3[6] ; Stuck at GND              ; projeto:Projetar|stateOri[0]           ;
;                             ; due to stuck port data_in ;                                        ;
+-----------------------------+---------------------------+----------------------------------------+


+------------------------------------------------------+
; General Register Statistics                          ;
+----------------------------------------------+-------+
; Statistic                                    ; Value ;
+----------------------------------------------+-------+
; Total registers                              ; 17    ;
; Number of registers using Synchronous Clear  ; 0     ;
; Number of registers using Synchronous Load   ; 1     ;
; Number of registers using Asynchronous Clear ; 0     ;
; Number of registers using Asynchronous Load  ; 0     ;
; Number of registers using Clock Enable       ; 12    ;
; Number of registers using Preset             ; 0     ;
+----------------------------------------------+-------+


+---------------------------------------------------------------------------------------------------------------------------------------------------------+
; Multiplexer Restructuring Statistics (Restructuring Performed)                                                                                          ;
+--------------------+-----------+---------------+----------------------+------------------------+------------+-------------------------------------------+
; Multiplexer Inputs ; Bus Width ; Baseline Area ; Area if Restructured ; Saving if Restructured ; Registered ; Example Multiplexer Output                ;
+--------------------+-----------+---------------+----------------------+------------------------+------------+-------------------------------------------+
; 4:1                ; 3 bits    ; 6 LEs         ; 0 LEs                ; 6 LEs                  ; Yes        ; |pratica4_2|projeto:Projetar|cacheP2[0]   ;
; 6:1                ; 2 bits    ; 8 LEs         ; 4 LEs                ; 4 LEs                  ; Yes        ; |pratica4_2|projeto:Projetar|cacheP2[8]   ;
; 9:1                ; 2 bits    ; 12 LEs        ; 6 LEs                ; 6 LEs                  ; Yes        ; |pratica4_2|projeto:Projetar|cacheP1[8]   ;
; 9:1                ; 2 bits    ; 12 LEs        ; 4 LEs                ; 8 LEs                  ; Yes        ; |pratica4_2|projeto:Projetar|data[2]      ;
; 15:1               ; 3 bits    ; 30 LEs        ; 15 LEs               ; 15 LEs                 ; Yes        ; |pratica4_2|projeto:Projetar|stateDest[2] ;
; 3:1                ; 2 bits    ; 4 LEs         ; 2 LEs                ; 2 LEs                  ; No         ; |pratica4_2|projeto:Projetar|cacheP1      ;
; 4:1                ; 3 bits    ; 6 LEs         ; 3 LEs                ; 3 LEs                  ; No         ; |pratica4_2|projeto:Projetar|cacheP1      ;
; 4:1                ; 2 bits    ; 4 LEs         ; 2 LEs                ; 2 LEs                  ; No         ; |pratica4_2|projeto:Projetar|Mux10        ;
+--------------------+-----------+---------------+----------------------+------------------------+------------+-------------------------------------------+


+---------------------------------------------------------------+
; Parameter Settings for User Entity Instance: projeto:Projetar ;
+----------------+-------+--------------------------------------+
; Parameter Name ; Value ; Type                                 ;
+----------------+-------+--------------------------------------+
; memTAM         ; 6     ; Signed Integer                       ;
; cacheTAM       ; 1     ; Signed Integer                       ;
+----------------+-------+--------------------------------------+
Note: In order to hide this table in the UI and the text report file, please set the "Show Parameter Settings in Synthesis Report" option in "Analysis and Synthesis Settings -> More Settings" to "Off".


+-------------------------------------------------------------------------------------------------------------------------------------------------------------------------------+
; Port Connectivity Checks: "projeto:Projetar"                                                                                                                                  ;
+---------+-------+----------+--------------------------------------------------------------------------------------------------------------------------------------------------+
; Port    ; Type  ; Severity ; Details                                                                                                                                          ;
+---------+-------+----------+--------------------------------------------------------------------------------------------------------------------------------------------------+
; entrada ; Input ; Warning  ; Input port expression (9 bits) is smaller than the input port (10 bits) it drives.  Extra input bit(s) "entrada[9..9]" will be connected to GND. ;
+---------+-------+----------+--------------------------------------------------------------------------------------------------------------------------------------------------+


+-------------------------------+
; Elapsed Time Per Partition    ;
+----------------+--------------+
; Partition Name ; Elapsed Time ;
+----------------+--------------+
; Top            ; 00:00:02     ;
+----------------+--------------+


+-------------------------------+
; Analysis & Synthesis Messages ;
+-------------------------------+
Info: *******************************************************************
Info: Running Quartus II 64-Bit Analysis & Synthesis
    Info: Version 13.0.1 Build 232 06/12/2013 Service Pack 1 SJ Web Edition
    Info: Processing started: Fri Jun 29 22:30:08 2018
Info: Command: quartus_map --read_settings_files=on --write_settings_files=off pratica4_2 -c pratica4_2
Warning (20028): Parallel compilation is not licensed and has been disabled
Info (12021): Found 3 design units, including 3 entities, in source file pratica4_2.v
    Info (12023): Found entity 1: pratica4_2
    Info (12023): Found entity 2: display7Segmentos
    Info (12023): Found entity 3: projeto
Info (12127): Elaborating entity "pratica4_2" for the top level hierarchy
Info (12128): Elaborating entity "projeto" for hierarchy "projeto:Projetar"
Warning (10242): Verilog HDL Function Declaration warning at pratica4_2.v(308): variable "statet" may have a Don't Care value because it may not be assigned a value in every possible path through the statements preceding its use
Warning (10242): Verilog HDL Function Declaration warning at pratica4_2.v(310): variable "signalt" may have a Don't Care value because it may not be assigned a value in every possible path through the statements preceding its use
Warning (10242): Verilog HDL Function Declaration warning at pratica4_2.v(314): variable "statet" may have a Don't Care value because it may not be assigned a value in every possible path through the statements preceding its use
Warning (10776): Verilog HDL warning at pratica4_2.v(291): variable statet in static task or function snoop may have unintended latch behavior
Warning (10230): Verilog HDL assignment warning at pratica4_2.v(90): truncated value with size 3 to match size of target (2)
Warning (10230): Verilog HDL assignment warning at pratica4_2.v(101): truncated value with size 3 to match size of target (2)
Warning (10230): Verilog HDL assignment warning at pratica4_2.v(112): truncated value with size 3 to match size of target (2)
Warning (10230): Verilog HDL assignment warning at pratica4_2.v(125): truncated value with size 3 to match size of target (2)
Warning (10230): Verilog HDL assignment warning at pratica4_2.v(135): truncated value with size 3 to match size of target (2)
Warning (10230): Verilog HDL assignment warning at pratica4_2.v(145): truncated value with size 3 to match size of target (2)
Warning (10230): Verilog HDL assignment warning at pratica4_2.v(152): truncated value with size 3 to match size of target (2)
Warning (10230): Verilog HDL assignment warning at pratica4_2.v(158): truncated value with size 3 to match size of target (2)
Warning (10230): Verilog HDL assignment warning at pratica4_2.v(164): truncated value with size 3 to match size of target (2)
Warning (10230): Verilog HDL assignment warning at pratica4_2.v(180): truncated value with size 3 to match size of target (2)
Warning (10230): Verilog HDL assignment warning at pratica4_2.v(191): truncated value with size 3 to match size of target (2)
Warning (10230): Verilog HDL assignment warning at pratica4_2.v(202): truncated value with size 3 to match size of target (2)
Warning (10230): Verilog HDL assignment warning at pratica4_2.v(214): truncated value with size 3 to match size of target (2)
Warning (10230): Verilog HDL assignment warning at pratica4_2.v(219): truncated value with size 3 to match size of target (2)
Warning (10230): Verilog HDL assignment warning at pratica4_2.v(224): truncated value with size 3 to match size of target (2)
Warning (10242): Verilog HDL Function Declaration warning at pratica4_2.v(385): variable "statem" may have a Don't Care value because it may not be assigned a value in every possible path through the statements preceding its use
Warning (10242): Verilog HDL Function Declaration warning at pratica4_2.v(387): variable "signalm" may have a Don't Care value because it may not be assigned a value in every possible path through the statements preceding its use
Warning (10242): Verilog HDL Function Declaration warning at pratica4_2.v(390): variable "statem" may have a Don't Care value because it may not be assigned a value in every possible path through the statements preceding its use
Warning (10242): Verilog HDL Function Declaration warning at pratica4_2.v(395): variable "statem" may have a Don't Care value because it may not be assigned a value in every possible path through the statements preceding its use
Warning (10776): Verilog HDL warning at pratica4_2.v(372): variable statem in static task or function snp may have unintended latch behavior
Warning (10776): Verilog HDL warning at pratica4_2.v(373): variable signalm in static task or function snp may have unintended latch behavior
Warning (10230): Verilog HDL assignment warning at pratica4_2.v(236): truncated value with size 3 to match size of target (2)
Warning (10230): Verilog HDL assignment warning at pratica4_2.v(238): truncated value with size 4 to match size of target (1)
Warning (10230): Verilog HDL assignment warning at pratica4_2.v(246): truncated value with size 3 to match size of target (2)
Warning (10230): Verilog HDL assignment warning at pratica4_2.v(248): truncated value with size 4 to match size of target (1)
Warning (10230): Verilog HDL assignment warning at pratica4_2.v(256): truncated value with size 3 to match size of target (2)
Warning (10230): Verilog HDL assignment warning at pratica4_2.v(258): truncated value with size 4 to match size of target (1)
Warning (10230): Verilog HDL assignment warning at pratica4_2.v(267): truncated value with size 32 to match size of target (4)
Warning (10230): Verilog HDL assignment warning at pratica4_2.v(271): truncated value with size 32 to match size of target (4)
Warning (10230): Verilog HDL assignment warning at pratica4_2.v(272): truncated value with size 32 to match size of target (4)
Warning (10230): Verilog HDL assignment warning at pratica4_2.v(273): truncated value with size 32 to match size of target (4)
Warning (10230): Verilog HDL assignment warning at pratica4_2.v(275): truncated value with size 32 to match size of target (3)
Warning (10230): Verilog HDL assignment warning at pratica4_2.v(276): truncated value with size 32 to match size of target (3)
Warning (10230): Verilog HDL assignment warning at pratica4_2.v(277): truncated value with size 32 to match size of target (3)
Warning (10230): Verilog HDL assignment warning at pratica4_2.v(279): truncated value with size 3 to match size of target (2)
Warning (10230): Verilog HDL assignment warning at pratica4_2.v(280): truncated value with size 3 to match size of target (2)
Warning (10230): Verilog HDL assignment warning at pratica4_2.v(281): truncated value with size 3 to match size of target (2)
Warning (10030): Net "snoop.statet" at pratica4_2.v(291) has no driver or initial value, using a default initial value '0'
Warning (10030): Net "snoop.signalt" at pratica4_2.v(292) has no driver or initial value, using a default initial value '0'
Warning (10030): Net "snp.statem" at pratica4_2.v(372) has no driver or initial value, using a default initial value '0'
Warning (10030): Net "snp.signalm" at pratica4_2.v(373) has no driver or initial value, using a default initial value '0'
Info (12128): Elaborating entity "display7Segmentos" for hierarchy "display7Segmentos:Exibe0"
Warning (12241): 1 hierarchies have connectivity warnings - see the Connectivity Checks report folder
Warning (13024): Output pins are stuck at VCC or GND
    Warning (13410): Pin "HEX0[0]" is stuck at GND
    Warning (13410): Pin "HEX0[1]" is stuck at GND
    Warning (13410): Pin "HEX0[2]" is stuck at GND
    Warning (13410): Pin "HEX0[3]" is stuck at GND
    Warning (13410): Pin "HEX0[4]" is stuck at GND
    Warning (13410): Pin "HEX0[5]" is stuck at GND
    Warning (13410): Pin "HEX0[6]" is stuck at VCC
Info (17049): 3 registers lost all their fanouts during netlist optimizations.
Info (16010): Generating hard_block partition "hard_block:auto_generated_inst"
    Info (16011): Adding 0 node(s), including 0 DDIO, 0 PLL, 0 transceiver and 0 LCELL
Info (21057): Implemented 135 device resources after synthesis - the final resource count might be different
    Info (21058): Implemented 18 input pins
    Info (21059): Implemented 39 output pins
    Info (21061): Implemented 78 logic cells
Info: Quartus II 64-Bit Analysis & Synthesis was successful. 0 errors, 55 warnings
    Info: Peak virtual memory: 4623 megabytes
    Info: Processing ended: Fri Jun 29 22:30:16 2018
    Info: Elapsed time: 00:00:08
    Info: Total CPU time (on all processors): 00:00:05


